// Jest Snapshot v1, https://goo.gl/fbAQLP

exports[`Container should render provided children 1`] = `
<div
  className="container"
>
  <div
    className="find-me"
  >
    Lorem Ipsum is simply dummy text
  </div>
</div>
`;

exports[`Container should render with no children by default 1`] = `
<div
  className="container"
>
  <div
    className="find-me"
  >
    Lorem Ipsum is simply dummy text
  </div>
</div>
`;
